[2026-10-06 19:08:34] AGENT_STARTED
[2026-10-06 19:08:55] NEW_CONNECTION from 127.0.0.1:39956
[2026-10-06 19:10:21] CLIENT_DISCONNECTED
[2026-10-06 19:10:21] SESSION_CLOSED
[2026-10-06 19:12:44] AGENT_STARTED
[2026-10-06 19:12:56] NEW_CONNECTION from 127.0.0.1:40196
[2026-10-06 19:13:32] CMD: AUTH OPS-3333
[2026-10-06 19:13:52] CMD: SYSINFO
[2026-10-06 19:14:01] CMD: LISTPROC
[2026-10-06 19:14:17] CMD: EXEC DATE
[2026-10-06 19:14:27] CMD: EXEC HOSTNAME
[2026-10-06 19:14:36] CMD: PUT myhost.txt 1
[2026-10-06 19:14:36] PUT myhost.txt (1 bytes)
[2026-10-06 19:14:45] CMD: GET myhost.txt
[2026-10-06 19:14:45] GET myhost.txt (1 bytes)
[2026-10-06 19:14:54] CMD: MONITOR START 9999
[2026-10-06 19:16:47] CMD: MONITOR STOPMONITOR STOP
[2026-10-06 19:16:53] CMD: MONITOR STOP
[2026-10-06 19:18:23] CMD: QUIT
[2026-10-06 19:18:23] SESSION_CLOSED
